'(1,2,3,alpha.beta.1,"[""alpha"", ""beta"", 1]",amd64)'
